../Core/Src/stm32f4xx_hal_msp.c:63:6:HAL_MspInit	8	static
../Core/Src/stm32f4xx_hal_msp.c:86:6:HAL_I2C_MspInit	48	static
../Core/Src/stm32f4xx_hal_msp.c:123:6:HAL_I2C_MspDeInit	8	static
../Core/Src/stm32f4xx_hal_msp.c:154:6:HAL_RTC_MspInit	32	static
../Core/Src/stm32f4xx_hal_msp.c:188:6:HAL_RTC_MspDeInit	0	static
../Core/Src/stm32f4xx_hal_msp.c:210:6:HAL_TIM_Base_MspInit	8	static
../Core/Src/stm32f4xx_hal_msp.c:233:6:HAL_TIM_Base_MspDeInit	0	static
../Core/Src/stm32f4xx_hal_msp.c:255:6:HAL_UART_MspInit	48	static
../Core/Src/stm32f4xx_hal_msp.c:315:6:HAL_UART_MspDeInit	0	static
