../Core/Src/main.c:91:6:HAL_RTC_AlarmAEventCallback	56	static
../Core/Src/main.c:121:5:main	8	static
../Core/Src/main.c:174:6:SystemClock_Config	88	static
../Core/Src/main.c:222:13:MX_I2C1_Init	8	static
../Core/Src/main.c:256:13:MX_RTC_Init	72	static
../Core/Src/main.c:338:13:MX_TIM1_Init	32	static
../Core/Src/main.c:384:13:MX_USART1_UART_Init	8	static
../Core/Src/main.c:417:13:MX_USART2_UART_Init	8	static
../Core/Src/main.c:450:13:MX_GPIO_Init	48	static
../Core/Src/main.c:508:6:Error_Handler	4	static,ignoring_inline_asm
